// Jest Snapshot v1, https://goo.gl/fbAQLP

exports[`toolkit error utils withToolkitError should error if the first argument is not a function 1`] = `"The first argument to withToolkitError must be a Function"`;
